===========================================
ClipperIQ Audio Backend running on port 3000
Ready to extract audio from TikTok & YouTube!
===========================================
[Backend] TikTok init error: [TypeError: fetch failed] {
  [cause]: AggregateError [ETIMEDOUT]: 
      at internalConnectMultiple (node:net:1193:18)
      at afterConnectMultiple (node:net:1783:7) {
    code: 'ETIMEDOUT',
    [errors]: [ [Error], [Error] ]
  }
}
[Backend] TikTok init error: [TypeError: fetch failed] {
  [cause]: ConnectTimeoutError: Connect Timeout Error (attempted addresses: 2.17.161.97:443, 2.17.161.80:443, timeout: 10000ms)
      at onConnectTimeout (node:internal/deps/undici/undici:1991:23)
      at Immediate._onImmediate (node:internal/deps/undici/undici:1972:11)
      at process.processImmediate (node:internal/timers:504:21) {
    code: 'UND_ERR_CONNECT_TIMEOUT'
  }
}
[Backend] TikTok user error: [TypeError: fetch failed] {
  [cause]: AggregateError [ETIMEDOUT]: 
      at internalConnectMultiple (node:net:1193:18)
      at afterConnectMultiple (node:net:1783:7) {
    code: 'ETIMEDOUT',
    [errors]: [ [Error], [Error] ]
  }
}
[Backend] TikTok init error: [TypeError: fetch failed] {
  [cause]: AggregateError [ETIMEDOUT]: 
      at internalConnectMultiple (node:net:1193:18)
      at afterConnectMultiple (node:net:1783:7) {
    code: 'ETIMEDOUT',
    [errors]: [ [Error], [Error] ]
  }
}
[Backend] TikTok user error: [TypeError: fetch failed] {
  [cause]: AggregateError [ETIMEDOUT]: 
      at internalConnectMultiple (node:net:1193:18)
      at afterConnectMultiple (node:net:1783:7) {
    code: 'ETIMEDOUT',
    [errors]: [ [Error], [Error] ]
  }
}
BadRequestError: request aborted
    at IncomingMessage.onAborted (/Users/chasexc/Desktop/GODWILL/Windsurf/clipperIq-studio/server/node_modules/raw-body/index.js:245:10)
    at IncomingMessage.emit (node:events:509:28)
    at IncomingMessage._destroy (node:_http_incoming:244:10)
    at _destroy (node:internal/streams/destroy:122:10)
    at IncomingMessage.destroy (node:internal/streams/destroy:84:5)
    at abortIncoming (node:_http_server:855:9)
    at socketOnClose (node:_http_server:848:3)
    at Socket.emit (node:events:521:24)
    at TCP.<anonymous> (node:net:350:12)
BadRequestError: request aborted
    at IncomingMessage.onAborted (/Users/chasexc/Desktop/GODWILL/Windsurf/clipperIq-studio/server/node_modules/raw-body/index.js:245:10)
    at IncomingMessage.emit (node:events:509:28)
    at IncomingMessage._destroy (node:_http_incoming:244:10)
    at _destroy (node:internal/streams/destroy:122:10)
    at IncomingMessage.destroy (node:internal/streams/destroy:84:5)
    at abortIncoming (node:_http_server:855:9)
    at socketOnClose (node:_http_server:848:3)
    at Socket.emit (node:events:521:24)
    at TCP.<anonymous> (node:net:350:12)
BadRequestError: request aborted
    at IncomingMessage.onAborted (/Users/chasexc/Desktop/GODWILL/Windsurf/clipperIq-studio/server/node_modules/raw-body/index.js:245:10)
    at IncomingMessage.emit (node:events:509:28)
    at IncomingMessage._destroy (node:_http_incoming:244:10)
    at _destroy (node:internal/streams/destroy:122:10)
    at IncomingMessage.destroy (node:internal/streams/destroy:84:5)
    at abortIncoming (node:_http_server:855:9)
    at socketOnClose (node:_http_server:848:3)
    at Socket.emit (node:events:521:24)
    at TCP.<anonymous> (node:net:350:12)
BadRequestError: request aborted
    at IncomingMessage.onAborted (/Users/chasexc/Desktop/GODWILL/Windsurf/clipperIq-studio/server/node_modules/raw-body/index.js:245:10)
    at IncomingMessage.emit (node:events:509:28)
    at IncomingMessage._destroy (node:_http_incoming:244:10)
    at _destroy (node:internal/streams/destroy:122:10)
    at IncomingMessage.destroy (node:internal/streams/destroy:84:5)
    at abortIncoming (node:_http_server:855:9)
    at socketOnClose (node:_http_server:848:3)
    at Socket.emit (node:events:521:24)
    at TCP.<anonymous> (node:net:350:12)
